// Jest Snapshot v1, https://goo.gl/fbAQLP

exports[`<ListItemSeparator /> should render correctly 1`] = `
<View
  style={
    Object {
      "backgroundColor": "#d3d3d3",
      "height": 2,
      "width": "100%",
    }
  }
/>
`;
