// Jest Snapshot v1, https://goo.gl/fbAQLP

exports[`<Screen /> should render correctly 1`] = `
<RCTSafeAreaView
  emulateUnlessSupported={true}
  style={
    Array [
      Object {
        "flex": 1,
        "paddingTop": 20,
      },
      undefined,
    ]
  }
/>
`;
