// Jest Snapshot v1, https://goo.gl/fbAQLP

exports[`<UpdatePasswordComponent /> should render correctly 1`] = `
<View
  style={
    Object {
      "alignItems": "center",
      "backgroundColor": "#fff",
      "borderColor": "#000",
      "borderRadius": 10,
      "borderStyle": "solid",
      "borderWidth": 1,
      "flexDirection": "row",
      "margin": 10,
      "marginBottom": 10,
    }
  }
>
  <TextInput
    allowFontScaling={true}
    collapsable={false}
    onGestureHandlerEvent={[Function]}
    onGestureHandlerStateChange={[Function]}
    placeholderTextColor="grey"
    rejectResponderTermination={true}
    style={
      Object {
        "backgroundColor": "#fff",
        "borderRadius": 10,
        "color": "grey",
        "flex": 1,
        "fontSize": 15,
        "height": 22,
        "margin": 10,
        "textAlignVertical": "center",
      }
    }
    underlineColorAndroid="transparent"
  />
</View>
`;
